Analysis & Elaboration report for redofull
Thu Feb  5 09:57:59 2026
Quartus Prime Version 20.1.1 Build 720 11/11/2020 SJ Lite Edition


---------------------
; Table of Contents ;
---------------------
  1. Legal Notice
  2. Analysis & Elaboration Summary
  3. Parallel Compilation
  4. Analysis & Elaboration Settings
  5. Analysis & Elaboration Messages



----------------
; Legal Notice ;
----------------
Copyright (C) 2020  Intel Corporation. All rights reserved.
Your use of Intel Corporation's design tools, logic functions 
and other software and tools, and any partner logic 
functions, and any output files from any of the foregoing 
(including device programming or simulation files), and any 
associated documentation or information are expressly subject 
to the terms and conditions of the Intel Program License 
Subscription Agreement, the Intel Quartus Prime License Agreement,
the Intel FPGA IP License Agreement, or other applicable license
agreement, including, without limitation, that your use is for
the sole purpose of programming logic devices manufactured by
Intel and sold by Intel or its authorized distributors.  Please
refer to the applicable agreement for further details, at
https://fpgasoftware.intel.com/eula.



+----------------------------------------------------------------------------------+
; Analysis & Elaboration Summary                                                   ;
+------------------------------------+---------------------------------------------+
; Analysis & Elaboration Status      ; Successful - Thu Feb  5 09:57:59 2026       ;
; Quartus Prime Version              ; 20.1.1 Build 720 11/11/2020 SJ Lite Edition ;
; Revision Name                      ; redofull                                    ;
; Top-level Entity Name              ; riscv_top                                   ;
; Family                             ; MAX 10                                      ;
; Total logic elements               ; N/A until Partition Merge                   ;
;     Total combinational functions  ; N/A until Partition Merge                   ;
;     Dedicated logic registers      ; N/A until Partition Merge                   ;
; Total registers                    ; N/A until Partition Merge                   ;
; Total pins                         ; N/A until Partition Merge                   ;
; Total virtual pins                 ; N/A until Partition Merge                   ;
; Total memory bits                  ; N/A until Partition Merge                   ;
; Embedded Multiplier 9-bit elements ; N/A until Partition Merge                   ;
; Total PLLs                         ; N/A until Partition Merge                   ;
; UFM blocks                         ; N/A until Partition Merge                   ;
; ADC blocks                         ; N/A until Partition Merge                   ;
+------------------------------------+---------------------------------------------+


+------------------------------------------+
; Parallel Compilation                     ;
+----------------------------+-------------+
; Processors                 ; Number      ;
+----------------------------+-------------+
; Number detected on machine ; 16          ;
; Maximum allowed            ; 16          ;
;                            ;             ;
; Average used               ; 1.00        ;
; Maximum used               ; 1           ;
;                            ;             ;
; Usage by Processor         ; % Time Used ;
;     Processor 1            ; 100.0%      ;
+----------------------------+-------------+


+------------------------------------------------------------------------------------------------------------+
; Analysis & Elaboration Settings                                                                            ;
+------------------------------------------------------------------+--------------------+--------------------+
; Option                                                           ; Setting            ; Default Value      ;
+------------------------------------------------------------------+--------------------+--------------------+
; Device                                                           ; 10M50DAF484C7G     ;                    ;
; Top-level entity name                                            ; riscv_top          ; redofull           ;
; Family name                                                      ; MAX 10             ; Cyclone V          ;
; Maximum processors allowed for parallel compilation              ; All                ;                    ;
; Use smart compilation                                            ; Off                ; Off                ;
; Enable parallel Assembler and Timing Analyzer during compilation ; On                 ; On                 ;
; Enable compact report table                                      ; Off                ; Off                ;
; Restructure Multiplexers                                         ; Auto               ; Auto               ;
; Create Debugging Nodes for IP Cores                              ; Off                ; Off                ;
; Preserve fewer node names                                        ; On                 ; On                 ;
; Intel FPGA IP Evaluation Mode                                    ; Enable             ; Enable             ;
; Verilog Version                                                  ; Verilog_2001       ; Verilog_2001       ;
; VHDL Version                                                     ; VHDL_1993          ; VHDL_1993          ;
; State Machine Processing                                         ; Auto               ; Auto               ;
; Safe State Machine                                               ; Off                ; Off                ;
; Extract Verilog State Machines                                   ; On                 ; On                 ;
; Extract VHDL State Machines                                      ; On                 ; On                 ;
; Ignore Verilog initial constructs                                ; Off                ; Off                ;
; Iteration limit for constant Verilog loops                       ; 5000               ; 5000               ;
; Iteration limit for non-constant Verilog loops                   ; 250                ; 250                ;
; Add Pass-Through Logic to Inferred RAMs                          ; On                 ; On                 ;
; Infer RAMs from Raw Logic                                        ; On                 ; On                 ;
; Parallel Synthesis                                               ; On                 ; On                 ;
; DSP Block Balancing                                              ; Auto               ; Auto               ;
; NOT Gate Push-Back                                               ; On                 ; On                 ;
; Power-Up Don't Care                                              ; On                 ; On                 ;
; Remove Redundant Logic Cells                                     ; Off                ; Off                ;
; Remove Duplicate Registers                                       ; On                 ; On                 ;
; Ignore CARRY Buffers                                             ; Off                ; Off                ;
; Ignore CASCADE Buffers                                           ; Off                ; Off                ;
; Ignore GLOBAL Buffers                                            ; Off                ; Off                ;
; Ignore ROW GLOBAL Buffers                                        ; Off                ; Off                ;
; Ignore LCELL Buffers                                             ; Off                ; Off                ;
; Ignore SOFT Buffers                                              ; On                 ; On                 ;
; Limit AHDL Integers to 32 Bits                                   ; Off                ; Off                ;
; Optimization Technique                                           ; Balanced           ; Balanced           ;
; Carry Chain Length                                               ; 70                 ; 70                 ;
; Auto Carry Chains                                                ; On                 ; On                 ;
; Auto Open-Drain Pins                                             ; On                 ; On                 ;
; Perform WYSIWYG Primitive Resynthesis                            ; Off                ; Off                ;
; Auto ROM Replacement                                             ; On                 ; On                 ;
; Auto RAM Replacement                                             ; On                 ; On                 ;
; Auto DSP Block Replacement                                       ; On                 ; On                 ;
; Auto Shift Register Replacement                                  ; Auto               ; Auto               ;
; Allow Shift Register Merging across Hierarchies                  ; Auto               ; Auto               ;
; Auto Clock Enable Replacement                                    ; On                 ; On                 ;
; Strict RAM Replacement                                           ; Off                ; Off                ;
; Allow Synchronous Control Signals                                ; On                 ; On                 ;
; Force Use of Synchronous Clear Signals                           ; Off                ; Off                ;
; Auto RAM Block Balancing                                         ; On                 ; On                 ;
; Auto RAM to Logic Cell Conversion                                ; Off                ; Off                ;
; Auto Resource Sharing                                            ; Off                ; Off                ;
; Allow Any RAM Size For Recognition                               ; Off                ; Off                ;
; Allow Any ROM Size For Recognition                               ; Off                ; Off                ;
; Allow Any Shift Register Size For Recognition                    ; Off                ; Off                ;
; Use LogicLock Constraints during Resource Balancing              ; On                 ; On                 ;
; Ignore translate_off and synthesis_off directives                ; Off                ; Off                ;
; Timing-Driven Synthesis                                          ; On                 ; On                 ;
; Report Parameter Settings                                        ; On                 ; On                 ;
; Report Source Assignments                                        ; On                 ; On                 ;
; Report Connectivity Checks                                       ; On                 ; On                 ;
; Ignore Maximum Fan-Out Assignments                               ; Off                ; Off                ;
; Synchronization Register Chain Length                            ; 2                  ; 2                  ;
; Power Optimization During Synthesis                              ; Normal compilation ; Normal compilation ;
; HDL message level                                                ; Level2             ; Level2             ;
; Suppress Register Optimization Related Messages                  ; Off                ; Off                ;
; Number of Removed Registers Reported in Synthesis Report         ; 5000               ; 5000               ;
; Number of Swept Nodes Reported in Synthesis Report               ; 5000               ; 5000               ;
; Number of Inverted Registers Reported in Synthesis Report        ; 100                ; 100                ;
; Clock MUX Protection                                             ; On                 ; On                 ;
; Auto Gated Clock Conversion                                      ; Off                ; Off                ;
; Block Design Naming                                              ; Auto               ; Auto               ;
; SDC constraint protection                                        ; Off                ; Off                ;
; Synthesis Effort                                                 ; Auto               ; Auto               ;
; Shift Register Replacement - Allow Asynchronous Clear Signal     ; On                 ; On                 ;
; Pre-Mapping Resynthesis Optimization                             ; Off                ; Off                ;
; Analysis & Synthesis Message Level                               ; Medium             ; Medium             ;
; Disable Register Merging Across Hierarchies                      ; Auto               ; Auto               ;
; Resource Aware Inference For Block RAM                           ; On                 ; On                 ;
+------------------------------------------------------------------+--------------------+--------------------+


+---------------------------------+
; Analysis & Elaboration Messages ;
+---------------------------------+
Info: *******************************************************************
Info: Running Quartus Prime Analysis & Elaboration
    Info: Version 20.1.1 Build 720 11/11/2020 SJ Lite Edition
    Info: Processing started: Thu Feb  5 09:57:50 2026
Info: Command: quartus_map --read_settings_files=on --write_settings_files=off redofull -c redofull --analysis_and_elaboration
Info (20030): Parallel compilation is enabled and will use 16 of the 16 processors detected
Info (12021): Found 2 design units, including 1 entities, in source file ALU.vhd
    Info (12022): Found design unit 1: ALU-behavioral File: /home/nw1728/study/y2q2/ComputerArchitectureAndSynthesis/redofull/ALU.vhd Line: 15
    Info (12023): Found entity 1: ALU File: /home/nw1728/study/y2q2/ComputerArchitectureAndSynthesis/redofull/ALU.vhd Line: 5
Info (12021): Found 2 design units, including 1 entities, in source file ControlUnit.vhd
    Info (12022): Found design unit 1: ControlUnit-behavioral File: /home/nw1728/study/y2q2/ComputerArchitectureAndSynthesis/redofull/ControlUnit.vhd Line: 19
    Info (12023): Found entity 1: ControlUnit File: /home/nw1728/study/y2q2/ComputerArchitectureAndSynthesis/redofull/ControlUnit.vhd Line: 4
Info (12021): Found 2 design units, including 1 entities, in source file Register_File.vhd
    Info (12022): Found design unit 1: Register_File-behavioral File: /home/nw1728/study/y2q2/ComputerArchitectureAndSynthesis/redofull/Register_File.vhd Line: 14
    Info (12023): Found entity 1: Register_File File: /home/nw1728/study/y2q2/ComputerArchitectureAndSynthesis/redofull/Register_File.vhd Line: 5
Info (12021): Found 2 design units, including 1 entities, in source file PC_Adder.vhd
    Info (12022): Found design unit 1: PC_Adder-behavioral File: /home/nw1728/study/y2q2/ComputerArchitectureAndSynthesis/redofull/PC_Adder.vhd Line: 12
    Info (12023): Found entity 1: PC_Adder File: /home/nw1728/study/y2q2/ComputerArchitectureAndSynthesis/redofull/PC_Adder.vhd Line: 5
Info (12021): Found 2 design units, including 1 entities, in source file Imm_Ext.vhd
    Info (12022): Found design unit 1: Imm_Ext-behavioral File: /home/nw1728/study/y2q2/ComputerArchitectureAndSynthesis/redofull/Imm_Ext.vhd Line: 12
    Info (12023): Found entity 1: Imm_Ext File: /home/nw1728/study/y2q2/ComputerArchitectureAndSynthesis/redofull/Imm_Ext.vhd Line: 5
Info (12021): Found 2 design units, including 1 entities, in source file riscv_top.vhd
    Info (12022): Found design unit 1: riscv_top-structural File: /home/nw1728/study/y2q2/ComputerArchitectureAndSynthesis/redofull/riscv_top.vhd Line: 18
    Info (12023): Found entity 1: riscv_top File: /home/nw1728/study/y2q2/ComputerArchitectureAndSynthesis/redofull/riscv_top.vhd Line: 5
Info (12021): Found 2 design units, including 1 entities, in source file Instruction_Memory.vhd
    Info (12022): Found design unit 1: Instruction_Memory-behavioral File: /home/nw1728/study/y2q2/ComputerArchitectureAndSynthesis/redofull/Instruction_Memory.vhd Line: 12
    Info (12023): Found entity 1: Instruction_Memory File: /home/nw1728/study/y2q2/ComputerArchitectureAndSynthesis/redofull/Instruction_Memory.vhd Line: 5
Info (12021): Found 2 design units, including 1 entities, in source file riscv_tb.vhd
    Info (12022): Found design unit 1: riscv_tb-sim File: /home/nw1728/study/y2q2/ComputerArchitectureAndSynthesis/redofull/riscv_tb.vhd Line: 8
    Info (12023): Found entity 1: riscv_tb File: /home/nw1728/study/y2q2/ComputerArchitectureAndSynthesis/redofull/riscv_tb.vhd Line: 5
Info (12021): Found 2 design units, including 1 entities, in source file Data_Memory.vhd
    Info (12022): Found design unit 1: Data_Memory-behavioral File: /home/nw1728/study/y2q2/ComputerArchitectureAndSynthesis/redofull/Data_Memory.vhd Line: 15
    Info (12023): Found entity 1: Data_Memory File: /home/nw1728/study/y2q2/ComputerArchitectureAndSynthesis/redofull/Data_Memory.vhd Line: 5
Info (12127): Elaborating entity "riscv_top" for the top level hierarchy
Info (12128): Elaborating entity "ControlUnit" for hierarchy "ControlUnit:CU" File: /home/nw1728/study/y2q2/ComputerArchitectureAndSynthesis/redofull/riscv_top.vhd Line: 107
Info (12128): Elaborating entity "Register_File" for hierarchy "Register_File:RF" File: /home/nw1728/study/y2q2/ComputerArchitectureAndSynthesis/redofull/riscv_top.vhd Line: 121
Info (12128): Elaborating entity "Imm_Ext" for hierarchy "Imm_Ext:EXT" File: /home/nw1728/study/y2q2/ComputerArchitectureAndSynthesis/redofull/riscv_top.vhd Line: 133
Info (12128): Elaborating entity "ALU" for hierarchy "ALU:ArithmeticUnit" File: /home/nw1728/study/y2q2/ComputerArchitectureAndSynthesis/redofull/riscv_top.vhd Line: 139
Info (12128): Elaborating entity "Instruction_Memory" for hierarchy "Instruction_Memory:IMEM" File: /home/nw1728/study/y2q2/ComputerArchitectureAndSynthesis/redofull/riscv_top.vhd Line: 148
Info (12128): Elaborating entity "Data_Memory" for hierarchy "Data_Memory:DMEM" File: /home/nw1728/study/y2q2/ComputerArchitectureAndSynthesis/redofull/riscv_top.vhd Line: 154
Info: Quartus Prime Analysis & Elaboration was successful. 0 errors, 0 warnings
    Info: Peak virtual memory: 733 megabytes
    Info: Processing ended: Thu Feb  5 09:57:59 2026
    Info: Elapsed time: 00:00:09
    Info: Total CPU time (on all processors): 00:00:33


