Analysis & Synthesis report for week5
Tue Feb  3 12:26:35 2026
Quartus Prime Version 20.1.1 Build 720 11/11/2020 SJ Lite Edition


---------------------
; Table of Contents ;
---------------------
  1. Legal Notice
  2. Analysis & Synthesis Summary
  3. Analysis & Synthesis Settings
  4. Parallel Compilation
  5. Analysis & Synthesis Source Files Read
  6. Analysis & Synthesis Resource Usage Summary
  7. Analysis & Synthesis Resource Utilization by Entity
  8. Registers Removed During Synthesis
  9. General Register Statistics
 10. Multiplexer Restructuring Statistics (Restructuring Performed)
 11. Post-Synthesis Netlist Statistics for Top Partition
 12. Elapsed Time Per Partition
 13. Analysis & Synthesis Messages



----------------
; Legal Notice ;
----------------
Copyright (C) 2020  Intel Corporation. All rights reserved.
Your use of Intel Corporation's design tools, logic functions 
and other software and tools, and any partner logic 
functions, and any output files from any of the foregoing 
(including device programming or simulation files), and any 
associated documentation or information are expressly subject 
to the terms and conditions of the Intel Program License 
Subscription Agreement, the Intel Quartus Prime License Agreement,
the Intel FPGA IP License Agreement, or other applicable license
agreement, including, without limitation, that your use is for
the sole purpose of programming logic devices manufactured by
Intel and sold by Intel or its authorized distributors.  Please
refer to the applicable agreement for further details, at
https://fpgasoftware.intel.com/eula.



+----------------------------------------------------------------------------------+
; Analysis & Synthesis Summary                                                     ;
+------------------------------------+---------------------------------------------+
; Analysis & Synthesis Status        ; Successful - Tue Feb  3 12:26:35 2026       ;
; Quartus Prime Version              ; 20.1.1 Build 720 11/11/2020 SJ Lite Edition ;
; Revision Name                      ; week5                                       ;
; Top-level Entity Name              ; week5_top_jal_jalr                          ;
; Family                             ; MAX 10                                      ;
; Total logic elements               ; 5,172                                       ;
;     Total combinational functions  ; 2,676                                       ;
;     Dedicated logic registers      ; 2,592                                       ;
; Total registers                    ; 2592                                        ;
; Total pins                         ; 194                                         ;
; Total virtual pins                 ; 0                                           ;
; Total memory bits                  ; 0                                           ;
; Embedded Multiplier 9-bit elements ; 0                                           ;
; Total PLLs                         ; 0                                           ;
; UFM blocks                         ; 0                                           ;
; ADC blocks                         ; 0                                           ;
+------------------------------------+---------------------------------------------+


+------------------------------------------------------------------------------------------------------------+
; Analysis & Synthesis Settings                                                                              ;
+------------------------------------------------------------------+--------------------+--------------------+
; Option                                                           ; Setting            ; Default Value      ;
+------------------------------------------------------------------+--------------------+--------------------+
; Device                                                           ; 10M50DAF484C7G     ;                    ;
; Top-level entity name                                            ; week5_top_jal_jalr ; week5              ;
; Family name                                                      ; MAX 10             ; Cyclone V          ;
; Maximum processors allowed for parallel compilation              ; All                ;                    ;
; VHDL Show LMF Mapping Messages                                   ; Off                ;                    ;
; VHDL Version                                                     ; VHDL_2008          ; VHDL_1993          ;
; Use smart compilation                                            ; Off                ; Off                ;
; Enable parallel Assembler and Timing Analyzer during compilation ; On                 ; On                 ;
; Enable compact report table                                      ; Off                ; Off                ;
; Restructure Multiplexers                                         ; Auto               ; Auto               ;
; Create Debugging Nodes for IP Cores                              ; Off                ; Off                ;
; Preserve fewer node names                                        ; On                 ; On                 ;
; Intel FPGA IP Evaluation Mode                                    ; Enable             ; Enable             ;
; Verilog Version                                                  ; Verilog_2001       ; Verilog_2001       ;
; State Machine Processing                                         ; Auto               ; Auto               ;
; Safe State Machine                                               ; Off                ; Off                ;
; Extract Verilog State Machines                                   ; On                 ; On                 ;
; Extract VHDL State Machines                                      ; On                 ; On                 ;
; Ignore Verilog initial constructs                                ; Off                ; Off                ;
; Iteration limit for constant Verilog loops                       ; 5000               ; 5000               ;
; Iteration limit for non-constant Verilog loops                   ; 250                ; 250                ;
; Add Pass-Through Logic to Inferred RAMs                          ; On                 ; On                 ;
; Infer RAMs from Raw Logic                                        ; On                 ; On                 ;
; Parallel Synthesis                                               ; On                 ; On                 ;
; DSP Block Balancing                                              ; Auto               ; Auto               ;
; NOT Gate Push-Back                                               ; On                 ; On                 ;
; Power-Up Don't Care                                              ; On                 ; On                 ;
; Remove Redundant Logic Cells                                     ; Off                ; Off                ;
; Remove Duplicate Registers                                       ; On                 ; On                 ;
; Ignore CARRY Buffers                                             ; Off                ; Off                ;
; Ignore CASCADE Buffers                                           ; Off                ; Off                ;
; Ignore GLOBAL Buffers                                            ; Off                ; Off                ;
; Ignore ROW GLOBAL Buffers                                        ; Off                ; Off                ;
; Ignore LCELL Buffers                                             ; Off                ; Off                ;
; Ignore SOFT Buffers                                              ; On                 ; On                 ;
; Limit AHDL Integers to 32 Bits                                   ; Off                ; Off                ;
; Optimization Technique                                           ; Balanced           ; Balanced           ;
; Carry Chain Length                                               ; 70                 ; 70                 ;
; Auto Carry Chains                                                ; On                 ; On                 ;
; Auto Open-Drain Pins                                             ; On                 ; On                 ;
; Perform WYSIWYG Primitive Resynthesis                            ; Off                ; Off                ;
; Auto ROM Replacement                                             ; On                 ; On                 ;
; Auto RAM Replacement                                             ; On                 ; On                 ;
; Auto DSP Block Replacement                                       ; On                 ; On                 ;
; Auto Shift Register Replacement                                  ; Auto               ; Auto               ;
; Allow Shift Register Merging across Hierarchies                  ; Auto               ; Auto               ;
; Auto Clock Enable Replacement                                    ; On                 ; On                 ;
; Strict RAM Replacement                                           ; Off                ; Off                ;
; Allow Synchronous Control Signals                                ; On                 ; On                 ;
; Force Use of Synchronous Clear Signals                           ; Off                ; Off                ;
; Auto RAM Block Balancing                                         ; On                 ; On                 ;
; Auto RAM to Logic Cell Conversion                                ; Off                ; Off                ;
; Auto Resource Sharing                                            ; Off                ; Off                ;
; Allow Any RAM Size For Recognition                               ; Off                ; Off                ;
; Allow Any ROM Size For Recognition                               ; Off                ; Off                ;
; Allow Any Shift Register Size For Recognition                    ; Off                ; Off                ;
; Use LogicLock Constraints during Resource Balancing              ; On                 ; On                 ;
; Ignore translate_off and synthesis_off directives                ; Off                ; Off                ;
; Timing-Driven Synthesis                                          ; On                 ; On                 ;
; Report Parameter Settings                                        ; On                 ; On                 ;
; Report Source Assignments                                        ; On                 ; On                 ;
; Report Connectivity Checks                                       ; On                 ; On                 ;
; Ignore Maximum Fan-Out Assignments                               ; Off                ; Off                ;
; Synchronization Register Chain Length                            ; 2                  ; 2                  ;
; Power Optimization During Synthesis                              ; Normal compilation ; Normal compilation ;
; HDL message level                                                ; Level2             ; Level2             ;
; Suppress Register Optimization Related Messages                  ; Off                ; Off                ;
; Number of Removed Registers Reported in Synthesis Report         ; 5000               ; 5000               ;
; Number of Swept Nodes Reported in Synthesis Report               ; 5000               ; 5000               ;
; Number of Inverted Registers Reported in Synthesis Report        ; 100                ; 100                ;
; Clock MUX Protection                                             ; On                 ; On                 ;
; Auto Gated Clock Conversion                                      ; Off                ; Off                ;
; Block Design Naming                                              ; Auto               ; Auto               ;
; SDC constraint protection                                        ; Off                ; Off                ;
; Synthesis Effort                                                 ; Auto               ; Auto               ;
; Shift Register Replacement - Allow Asynchronous Clear Signal     ; On                 ; On                 ;
; Pre-Mapping Resynthesis Optimization                             ; Off                ; Off                ;
; Analysis & Synthesis Message Level                               ; Medium             ; Medium             ;
; Disable Register Merging Across Hierarchies                      ; Auto               ; Auto               ;
; Resource Aware Inference For Block RAM                           ; On                 ; On                 ;
+------------------------------------------------------------------+--------------------+--------------------+


+------------------------------------------+
; Parallel Compilation                     ;
+----------------------------+-------------+
; Processors                 ; Number      ;
+----------------------------+-------------+
; Number detected on machine ; 16          ;
; Maximum allowed            ; 16          ;
;                            ;             ;
; Average used               ; 1.01        ;
; Maximum used               ; 16          ;
;                            ;             ;
; Usage by Processor         ; % Time Used ;
;     Processor 1            ; 100.0%      ;
;     Processor 2            ;   0.1%      ;
;     Processor 3            ;   0.1%      ;
;     Processor 4            ;   0.1%      ;
;     Processor 5            ;   0.0%      ;
;     Processor 6            ;   0.0%      ;
;     Processor 7            ;   0.0%      ;
;     Processor 8            ;   0.0%      ;
;     Processors 9-16        ;   0.0%      ;
+----------------------------+-------------+


+---------------------------------------------------------------------------------------------------------------------------------------------------------------------------------+
; Analysis & Synthesis Source Files Read                                                                                                                                          ;
+----------------------------------+-----------------+-----------------+------------------------------------------------------------------------------------------------+---------+
; File Name with User-Entered Path ; Used in Netlist ; File Type       ; File Name with Absolute Path                                                                   ; Library ;
+----------------------------------+-----------------+-----------------+------------------------------------------------------------------------------------------------+---------+
; Instruction_Memory_JAL_JALR.vhd  ; yes             ; User VHDL File  ; /home/nw1728/study/y2q2/ComputerArchitectureAndSynthesis/week7/Instruction_Memory_JAL_JALR.vhd ;         ;
; Program_Counter.vhd              ; yes             ; User VHDL File  ; /home/nw1728/study/y2q2/ComputerArchitectureAndSynthesis/week7/Program_Counter.vhd             ;         ;
; PC_Adder.vhd                     ; yes             ; User VHDL File  ; /home/nw1728/study/y2q2/ComputerArchitectureAndSynthesis/week7/PC_Adder.vhd                    ;         ;
; ALU.vhd                          ; yes             ; User VHDL File  ; /home/nw1728/study/y2q2/ComputerArchitectureAndSynthesis/week7/ALU.vhd                         ;         ;
; Register_File.vhd                ; yes             ; User VHDL File  ; /home/nw1728/study/y2q2/ComputerArchitectureAndSynthesis/week7/Register_File.vhd               ;         ;
; Control_Unit.vhd                 ; yes             ; User VHDL File  ; /home/nw1728/study/y2q2/ComputerArchitectureAndSynthesis/week7/Control_Unit.vhd                ;         ;
; Imm_Ext.vhd                      ; yes             ; User VHDL File  ; /home/nw1728/study/y2q2/ComputerArchitectureAndSynthesis/week7/Imm_Ext.vhd                     ;         ;
; Data_Memory.vhd                  ; yes             ; User VHDL File  ; /home/nw1728/study/y2q2/ComputerArchitectureAndSynthesis/week7/Data_Memory.vhd                 ;         ;
; week5_top_jal_jalr.vhd           ; yes             ; User VHDL File  ; /home/nw1728/study/y2q2/ComputerArchitectureAndSynthesis/week7/week5_top_jal_jalr.vhd          ;         ;
+----------------------------------+-----------------+-----------------+------------------------------------------------------------------------------------------------+---------+


+---------------------------------------------------------+
; Analysis & Synthesis Resource Usage Summary             ;
+---------------------------------------------+-----------+
; Resource                                    ; Usage     ;
+---------------------------------------------+-----------+
; Estimated Total logic elements              ; 5,172     ;
;                                             ;           ;
; Total combinational functions               ; 2676      ;
; Logic element usage by number of LUT inputs ;           ;
;     -- 4 input functions                    ; 2265      ;
;     -- 3 input functions                    ; 309       ;
;     -- <=2 input functions                  ; 102       ;
;                                             ;           ;
; Logic elements by mode                      ;           ;
;     -- normal mode                          ; 2523      ;
;     -- arithmetic mode                      ; 153       ;
;                                             ;           ;
; Total registers                             ; 2592      ;
;     -- Dedicated logic registers            ; 2592      ;
;     -- I/O registers                        ; 0         ;
;                                             ;           ;
; I/O pins                                    ; 194       ;
;                                             ;           ;
; Embedded Multiplier 9-bit elements          ; 0         ;
;                                             ;           ;
; Maximum fan-out node                        ; clk~input ;
; Maximum fan-out                             ; 2592      ;
; Total fan-out                               ; 18354     ;
; Average fan-out                             ; 3.25      ;
+---------------------------------------------+-----------+


+------------------------------------------------------------------------------------------------------------------------------------------------------------------------------------------------------------------------------------------------------------------------------------------------------+
; Analysis & Synthesis Resource Utilization by Entity                                                                                                                                                                                                                                                  ;
+------------------------------------------+---------------------+---------------------------+-------------+------------+--------------+---------+-----------+------+--------------+------------+---------------------------------------------------------+-----------------------------+--------------+
; Compilation Hierarchy Node               ; Combinational ALUTs ; Dedicated Logic Registers ; Memory Bits ; UFM Blocks ; DSP Elements ; DSP 9x9 ; DSP 18x18 ; Pins ; Virtual Pins ; ADC blocks ; Full Hierarchy Name                                     ; Entity Name                 ; Library Name ;
+------------------------------------------+---------------------+---------------------------+-------------+------------+--------------+---------+-----------+------+--------------+------------+---------------------------------------------------------+-----------------------------+--------------+
; |week5_top_jal_jalr                      ; 2676 (188)          ; 2592 (0)                  ; 0           ; 0          ; 0            ; 0       ; 0         ; 194  ; 0            ; 0          ; |week5_top_jal_jalr                                     ; week5_top_jal_jalr          ; work         ;
;    |ALU:CoreALU|                         ; 216 (216)           ; 0 (0)                     ; 0           ; 0          ; 0            ; 0       ; 0         ; 0    ; 0            ; 0          ; |week5_top_jal_jalr|ALU:CoreALU                         ; ALU                         ; work         ;
;    |Control_Unit:Control|                ; 16 (16)             ; 0 (0)                     ; 0           ; 0          ; 0            ; 0       ; 0         ; 0    ; 0            ; 0          ; |week5_top_jal_jalr|Control_Unit:Control                ; Control_Unit                ; work         ;
;    |Data_Memory:DataMem|                 ; 1427 (1427)         ; 2048 (2048)               ; 0           ; 0          ; 0            ; 0       ; 0         ; 0    ; 0            ; 0          ; |week5_top_jal_jalr|Data_Memory:DataMem                 ; Data_Memory                 ; work         ;
;    |Imm_Ext:ExtUnit|                     ; 38 (38)             ; 0 (0)                     ; 0           ; 0          ; 0            ; 0       ; 0         ; 0    ; 0            ; 0          ; |week5_top_jal_jalr|Imm_Ext:ExtUnit                     ; Imm_Ext                     ; work         ;
;    |Instruction_Memory_JAL_JALR:InstMem| ; 72 (72)             ; 0 (0)                     ; 0           ; 0          ; 0            ; 0       ; 0         ; 0    ; 0            ; 0          ; |week5_top_jal_jalr|Instruction_Memory_JAL_JALR:InstMem ; Instruction_Memory_JAL_JALR ; work         ;
;    |PC_Adder:PC_Add|                     ; 30 (30)             ; 0 (0)                     ; 0           ; 0          ; 0            ; 0       ; 0         ; 0    ; 0            ; 0          ; |week5_top_jal_jalr|PC_Adder:PC_Add                     ; PC_Adder                    ; work         ;
;    |Program_Counter:PC_Reg|              ; 0 (0)               ; 32 (32)                   ; 0           ; 0          ; 0            ; 0       ; 0         ; 0    ; 0            ; 0          ; |week5_top_jal_jalr|Program_Counter:PC_Reg              ; Program_Counter             ; work         ;
;    |Register_File:RegFile|               ; 689 (689)           ; 512 (512)                 ; 0           ; 0          ; 0            ; 0       ; 0         ; 0    ; 0            ; 0          ; |week5_top_jal_jalr|Register_File:RegFile               ; Register_File               ; work         ;
+------------------------------------------+---------------------+---------------------------+-------------+------------+--------------+---------+-----------+------+--------------+------------+---------------------------------------------------------+-----------------------------+--------------+
Note: For table entries with two numbers listed, the numbers in parentheses indicate the number of resources of the given type used by the specific entity alone. The numbers listed outside of parentheses indicate the total resources of the given type used by the specific entity and all of its sub-entities in the hierarchy.


+---------------------------------------------------------------------------------------+
; Registers Removed During Synthesis                                                    ;
+-----------------------------------------+---------------------------------------------+
; Register name                           ; Reason for Removal                          ;
+-----------------------------------------+---------------------------------------------+
; Register_File:RegFile|mem~326           ; Stuck at GND due to stuck port clock_enable ;
; Register_File:RegFile|mem~134           ; Stuck at GND due to stuck port clock_enable ;
; Register_File:RegFile|mem~230           ; Stuck at GND due to stuck port clock_enable ;
; Register_File:RegFile|mem~422           ; Stuck at GND due to stuck port clock_enable ;
; Register_File:RegFile|mem~294           ; Stuck at GND due to stuck port clock_enable ;
; Register_File:RegFile|mem~102           ; Stuck at GND due to stuck port clock_enable ;
; Register_File:RegFile|mem~262           ; Stuck at GND due to stuck port clock_enable ;
; Register_File:RegFile|mem~454           ; Stuck at GND due to stuck port clock_enable ;
; Register_File:RegFile|mem~934           ; Stuck at GND due to stuck port clock_enable ;
; Register_File:RegFile|mem~838           ; Stuck at GND due to stuck port clock_enable ;
; Register_File:RegFile|mem~806           ; Stuck at GND due to stuck port clock_enable ;
; Register_File:RegFile|mem~966           ; Stuck at GND due to stuck port clock_enable ;
; Register_File:RegFile|mem~646           ; Stuck at GND due to stuck port clock_enable ;
; Register_File:RegFile|mem~742           ; Stuck at GND due to stuck port clock_enable ;
; Register_File:RegFile|mem~614           ; Stuck at GND due to stuck port clock_enable ;
; Register_File:RegFile|mem~774           ; Stuck at GND due to stuck port clock_enable ;
; Register_File:RegFile|mem~135           ; Stuck at GND due to stuck port clock_enable ;
; Register_File:RegFile|mem~327           ; Stuck at GND due to stuck port clock_enable ;
; Register_File:RegFile|mem~423           ; Stuck at GND due to stuck port clock_enable ;
; Register_File:RegFile|mem~231           ; Stuck at GND due to stuck port clock_enable ;
; Register_File:RegFile|mem~103           ; Stuck at GND due to stuck port clock_enable ;
; Register_File:RegFile|mem~295           ; Stuck at GND due to stuck port clock_enable ;
; Register_File:RegFile|mem~455           ; Stuck at GND due to stuck port clock_enable ;
; Register_File:RegFile|mem~263           ; Stuck at GND due to stuck port clock_enable ;
; Register_File:RegFile|mem~743           ; Stuck at GND due to stuck port clock_enable ;
; Register_File:RegFile|mem~647           ; Stuck at GND due to stuck port clock_enable ;
; Register_File:RegFile|mem~615           ; Stuck at GND due to stuck port clock_enable ;
; Register_File:RegFile|mem~775           ; Stuck at GND due to stuck port clock_enable ;
; Register_File:RegFile|mem~839           ; Stuck at GND due to stuck port clock_enable ;
; Register_File:RegFile|mem~935           ; Stuck at GND due to stuck port clock_enable ;
; Register_File:RegFile|mem~807           ; Stuck at GND due to stuck port clock_enable ;
; Register_File:RegFile|mem~967           ; Stuck at GND due to stuck port clock_enable ;
; Register_File:RegFile|mem~328           ; Stuck at GND due to stuck port clock_enable ;
; Register_File:RegFile|mem~136           ; Stuck at GND due to stuck port clock_enable ;
; Register_File:RegFile|mem~232           ; Stuck at GND due to stuck port clock_enable ;
; Register_File:RegFile|mem~424           ; Stuck at GND due to stuck port clock_enable ;
; Register_File:RegFile|mem~296           ; Stuck at GND due to stuck port clock_enable ;
; Register_File:RegFile|mem~104           ; Stuck at GND due to stuck port clock_enable ;
; Register_File:RegFile|mem~264           ; Stuck at GND due to stuck port clock_enable ;
; Register_File:RegFile|mem~456           ; Stuck at GND due to stuck port clock_enable ;
; Register_File:RegFile|mem~936           ; Stuck at GND due to stuck port clock_enable ;
; Register_File:RegFile|mem~840           ; Stuck at GND due to stuck port clock_enable ;
; Register_File:RegFile|mem~808           ; Stuck at GND due to stuck port clock_enable ;
; Register_File:RegFile|mem~968           ; Stuck at GND due to stuck port clock_enable ;
; Register_File:RegFile|mem~648           ; Stuck at GND due to stuck port clock_enable ;
; Register_File:RegFile|mem~744           ; Stuck at GND due to stuck port clock_enable ;
; Register_File:RegFile|mem~616           ; Stuck at GND due to stuck port clock_enable ;
; Register_File:RegFile|mem~776           ; Stuck at GND due to stuck port clock_enable ;
; Register_File:RegFile|mem~137           ; Stuck at GND due to stuck port clock_enable ;
; Register_File:RegFile|mem~329           ; Stuck at GND due to stuck port clock_enable ;
; Register_File:RegFile|mem~425           ; Stuck at GND due to stuck port clock_enable ;
; Register_File:RegFile|mem~233           ; Stuck at GND due to stuck port clock_enable ;
; Register_File:RegFile|mem~105           ; Stuck at GND due to stuck port clock_enable ;
; Register_File:RegFile|mem~297           ; Stuck at GND due to stuck port clock_enable ;
; Register_File:RegFile|mem~457           ; Stuck at GND due to stuck port clock_enable ;
; Register_File:RegFile|mem~265           ; Stuck at GND due to stuck port clock_enable ;
; Register_File:RegFile|mem~745           ; Stuck at GND due to stuck port clock_enable ;
; Register_File:RegFile|mem~649           ; Stuck at GND due to stuck port clock_enable ;
; Register_File:RegFile|mem~617           ; Stuck at GND due to stuck port clock_enable ;
; Register_File:RegFile|mem~777           ; Stuck at GND due to stuck port clock_enable ;
; Register_File:RegFile|mem~841           ; Stuck at GND due to stuck port clock_enable ;
; Register_File:RegFile|mem~937           ; Stuck at GND due to stuck port clock_enable ;
; Register_File:RegFile|mem~809           ; Stuck at GND due to stuck port clock_enable ;
; Register_File:RegFile|mem~969           ; Stuck at GND due to stuck port clock_enable ;
; Register_File:RegFile|mem~330           ; Stuck at GND due to stuck port clock_enable ;
; Register_File:RegFile|mem~138           ; Stuck at GND due to stuck port clock_enable ;
; Register_File:RegFile|mem~234           ; Stuck at GND due to stuck port clock_enable ;
; Register_File:RegFile|mem~426           ; Stuck at GND due to stuck port clock_enable ;
; Register_File:RegFile|mem~298           ; Stuck at GND due to stuck port clock_enable ;
; Register_File:RegFile|mem~106           ; Stuck at GND due to stuck port clock_enable ;
; Register_File:RegFile|mem~266           ; Stuck at GND due to stuck port clock_enable ;
; Register_File:RegFile|mem~458           ; Stuck at GND due to stuck port clock_enable ;
; Register_File:RegFile|mem~938           ; Stuck at GND due to stuck port clock_enable ;
; Register_File:RegFile|mem~842           ; Stuck at GND due to stuck port clock_enable ;
; Register_File:RegFile|mem~810           ; Stuck at GND due to stuck port clock_enable ;
; Register_File:RegFile|mem~970           ; Stuck at GND due to stuck port clock_enable ;
; Register_File:RegFile|mem~650           ; Stuck at GND due to stuck port clock_enable ;
; Register_File:RegFile|mem~746           ; Stuck at GND due to stuck port clock_enable ;
; Register_File:RegFile|mem~618           ; Stuck at GND due to stuck port clock_enable ;
; Register_File:RegFile|mem~778           ; Stuck at GND due to stuck port clock_enable ;
; Register_File:RegFile|mem~139           ; Stuck at GND due to stuck port clock_enable ;
; Register_File:RegFile|mem~331           ; Stuck at GND due to stuck port clock_enable ;
; Register_File:RegFile|mem~427           ; Stuck at GND due to stuck port clock_enable ;
; Register_File:RegFile|mem~235           ; Stuck at GND due to stuck port clock_enable ;
; Register_File:RegFile|mem~107           ; Stuck at GND due to stuck port clock_enable ;
; Register_File:RegFile|mem~299           ; Stuck at GND due to stuck port clock_enable ;
; Register_File:RegFile|mem~459           ; Stuck at GND due to stuck port clock_enable ;
; Register_File:RegFile|mem~267           ; Stuck at GND due to stuck port clock_enable ;
; Register_File:RegFile|mem~747           ; Stuck at GND due to stuck port clock_enable ;
; Register_File:RegFile|mem~651           ; Stuck at GND due to stuck port clock_enable ;
; Register_File:RegFile|mem~619           ; Stuck at GND due to stuck port clock_enable ;
; Register_File:RegFile|mem~779           ; Stuck at GND due to stuck port clock_enable ;
; Register_File:RegFile|mem~843           ; Stuck at GND due to stuck port clock_enable ;
; Register_File:RegFile|mem~939           ; Stuck at GND due to stuck port clock_enable ;
; Register_File:RegFile|mem~811           ; Stuck at GND due to stuck port clock_enable ;
; Register_File:RegFile|mem~971           ; Stuck at GND due to stuck port clock_enable ;
; Register_File:RegFile|mem~332           ; Stuck at GND due to stuck port clock_enable ;
; Register_File:RegFile|mem~140           ; Stuck at GND due to stuck port clock_enable ;
; Register_File:RegFile|mem~236           ; Stuck at GND due to stuck port clock_enable ;
; Register_File:RegFile|mem~428           ; Stuck at GND due to stuck port clock_enable ;
; Register_File:RegFile|mem~300           ; Stuck at GND due to stuck port clock_enable ;
; Register_File:RegFile|mem~108           ; Stuck at GND due to stuck port clock_enable ;
; Register_File:RegFile|mem~268           ; Stuck at GND due to stuck port clock_enable ;
; Register_File:RegFile|mem~460           ; Stuck at GND due to stuck port clock_enable ;
; Register_File:RegFile|mem~940           ; Stuck at GND due to stuck port clock_enable ;
; Register_File:RegFile|mem~844           ; Stuck at GND due to stuck port clock_enable ;
; Register_File:RegFile|mem~812           ; Stuck at GND due to stuck port clock_enable ;
; Register_File:RegFile|mem~972           ; Stuck at GND due to stuck port clock_enable ;
; Register_File:RegFile|mem~652           ; Stuck at GND due to stuck port clock_enable ;
; Register_File:RegFile|mem~748           ; Stuck at GND due to stuck port clock_enable ;
; Register_File:RegFile|mem~620           ; Stuck at GND due to stuck port clock_enable ;
; Register_File:RegFile|mem~780           ; Stuck at GND due to stuck port clock_enable ;
; Register_File:RegFile|mem~141           ; Stuck at GND due to stuck port clock_enable ;
; Register_File:RegFile|mem~333           ; Stuck at GND due to stuck port clock_enable ;
; Register_File:RegFile|mem~429           ; Stuck at GND due to stuck port clock_enable ;
; Register_File:RegFile|mem~237           ; Stuck at GND due to stuck port clock_enable ;
; Register_File:RegFile|mem~109           ; Stuck at GND due to stuck port clock_enable ;
; Register_File:RegFile|mem~301           ; Stuck at GND due to stuck port clock_enable ;
; Register_File:RegFile|mem~461           ; Stuck at GND due to stuck port clock_enable ;
; Register_File:RegFile|mem~269           ; Stuck at GND due to stuck port clock_enable ;
; Register_File:RegFile|mem~749           ; Stuck at GND due to stuck port clock_enable ;
; Register_File:RegFile|mem~653           ; Stuck at GND due to stuck port clock_enable ;
; Register_File:RegFile|mem~621           ; Stuck at GND due to stuck port clock_enable ;
; Register_File:RegFile|mem~781           ; Stuck at GND due to stuck port clock_enable ;
; Register_File:RegFile|mem~845           ; Stuck at GND due to stuck port clock_enable ;
; Register_File:RegFile|mem~941           ; Stuck at GND due to stuck port clock_enable ;
; Register_File:RegFile|mem~813           ; Stuck at GND due to stuck port clock_enable ;
; Register_File:RegFile|mem~973           ; Stuck at GND due to stuck port clock_enable ;
; Register_File:RegFile|mem~334           ; Stuck at GND due to stuck port clock_enable ;
; Register_File:RegFile|mem~142           ; Stuck at GND due to stuck port clock_enable ;
; Register_File:RegFile|mem~238           ; Stuck at GND due to stuck port clock_enable ;
; Register_File:RegFile|mem~430           ; Stuck at GND due to stuck port clock_enable ;
; Register_File:RegFile|mem~302           ; Stuck at GND due to stuck port clock_enable ;
; Register_File:RegFile|mem~110           ; Stuck at GND due to stuck port clock_enable ;
; Register_File:RegFile|mem~270           ; Stuck at GND due to stuck port clock_enable ;
; Register_File:RegFile|mem~462           ; Stuck at GND due to stuck port clock_enable ;
; Register_File:RegFile|mem~942           ; Stuck at GND due to stuck port clock_enable ;
; Register_File:RegFile|mem~846           ; Stuck at GND due to stuck port clock_enable ;
; Register_File:RegFile|mem~814           ; Stuck at GND due to stuck port clock_enable ;
; Register_File:RegFile|mem~974           ; Stuck at GND due to stuck port clock_enable ;
; Register_File:RegFile|mem~654           ; Stuck at GND due to stuck port clock_enable ;
; Register_File:RegFile|mem~750           ; Stuck at GND due to stuck port clock_enable ;
; Register_File:RegFile|mem~622           ; Stuck at GND due to stuck port clock_enable ;
; Register_File:RegFile|mem~782           ; Stuck at GND due to stuck port clock_enable ;
; Register_File:RegFile|mem~143           ; Stuck at GND due to stuck port clock_enable ;
; Register_File:RegFile|mem~335           ; Stuck at GND due to stuck port clock_enable ;
; Register_File:RegFile|mem~431           ; Stuck at GND due to stuck port clock_enable ;
; Register_File:RegFile|mem~239           ; Stuck at GND due to stuck port clock_enable ;
; Register_File:RegFile|mem~111           ; Stuck at GND due to stuck port clock_enable ;
; Register_File:RegFile|mem~303           ; Stuck at GND due to stuck port clock_enable ;
; Register_File:RegFile|mem~463           ; Stuck at GND due to stuck port clock_enable ;
; Register_File:RegFile|mem~271           ; Stuck at GND due to stuck port clock_enable ;
; Register_File:RegFile|mem~751           ; Stuck at GND due to stuck port clock_enable ;
; Register_File:RegFile|mem~655           ; Stuck at GND due to stuck port clock_enable ;
; Register_File:RegFile|mem~623           ; Stuck at GND due to stuck port clock_enable ;
; Register_File:RegFile|mem~783           ; Stuck at GND due to stuck port clock_enable ;
; Register_File:RegFile|mem~847           ; Stuck at GND due to stuck port clock_enable ;
; Register_File:RegFile|mem~943           ; Stuck at GND due to stuck port clock_enable ;
; Register_File:RegFile|mem~815           ; Stuck at GND due to stuck port clock_enable ;
; Register_File:RegFile|mem~975           ; Stuck at GND due to stuck port clock_enable ;
; Register_File:RegFile|mem~336           ; Stuck at GND due to stuck port clock_enable ;
; Register_File:RegFile|mem~144           ; Stuck at GND due to stuck port clock_enable ;
; Register_File:RegFile|mem~240           ; Stuck at GND due to stuck port clock_enable ;
; Register_File:RegFile|mem~432           ; Stuck at GND due to stuck port clock_enable ;
; Register_File:RegFile|mem~304           ; Stuck at GND due to stuck port clock_enable ;
; Register_File:RegFile|mem~112           ; Stuck at GND due to stuck port clock_enable ;
; Register_File:RegFile|mem~272           ; Stuck at GND due to stuck port clock_enable ;
; Register_File:RegFile|mem~464           ; Stuck at GND due to stuck port clock_enable ;
; Register_File:RegFile|mem~944           ; Stuck at GND due to stuck port clock_enable ;
; Register_File:RegFile|mem~848           ; Stuck at GND due to stuck port clock_enable ;
; Register_File:RegFile|mem~816           ; Stuck at GND due to stuck port clock_enable ;
; Register_File:RegFile|mem~976           ; Stuck at GND due to stuck port clock_enable ;
; Register_File:RegFile|mem~656           ; Stuck at GND due to stuck port clock_enable ;
; Register_File:RegFile|mem~752           ; Stuck at GND due to stuck port clock_enable ;
; Register_File:RegFile|mem~624           ; Stuck at GND due to stuck port clock_enable ;
; Register_File:RegFile|mem~784           ; Stuck at GND due to stuck port clock_enable ;
; Register_File:RegFile|mem~145           ; Stuck at GND due to stuck port clock_enable ;
; Register_File:RegFile|mem~337           ; Stuck at GND due to stuck port clock_enable ;
; Register_File:RegFile|mem~433           ; Stuck at GND due to stuck port clock_enable ;
; Register_File:RegFile|mem~241           ; Stuck at GND due to stuck port clock_enable ;
; Register_File:RegFile|mem~113           ; Stuck at GND due to stuck port clock_enable ;
; Register_File:RegFile|mem~305           ; Stuck at GND due to stuck port clock_enable ;
; Register_File:RegFile|mem~465           ; Stuck at GND due to stuck port clock_enable ;
; Register_File:RegFile|mem~273           ; Stuck at GND due to stuck port clock_enable ;
; Register_File:RegFile|mem~753           ; Stuck at GND due to stuck port clock_enable ;
; Register_File:RegFile|mem~657           ; Stuck at GND due to stuck port clock_enable ;
; Register_File:RegFile|mem~625           ; Stuck at GND due to stuck port clock_enable ;
; Register_File:RegFile|mem~785           ; Stuck at GND due to stuck port clock_enable ;
; Register_File:RegFile|mem~849           ; Stuck at GND due to stuck port clock_enable ;
; Register_File:RegFile|mem~945           ; Stuck at GND due to stuck port clock_enable ;
; Register_File:RegFile|mem~817           ; Stuck at GND due to stuck port clock_enable ;
; Register_File:RegFile|mem~977           ; Stuck at GND due to stuck port clock_enable ;
; Register_File:RegFile|mem~338           ; Stuck at GND due to stuck port clock_enable ;
; Register_File:RegFile|mem~146           ; Stuck at GND due to stuck port clock_enable ;
; Register_File:RegFile|mem~242           ; Stuck at GND due to stuck port clock_enable ;
; Register_File:RegFile|mem~434           ; Stuck at GND due to stuck port clock_enable ;
; Register_File:RegFile|mem~306           ; Stuck at GND due to stuck port clock_enable ;
; Register_File:RegFile|mem~114           ; Stuck at GND due to stuck port clock_enable ;
; Register_File:RegFile|mem~274           ; Stuck at GND due to stuck port clock_enable ;
; Register_File:RegFile|mem~466           ; Stuck at GND due to stuck port clock_enable ;
; Register_File:RegFile|mem~946           ; Stuck at GND due to stuck port clock_enable ;
; Register_File:RegFile|mem~850           ; Stuck at GND due to stuck port clock_enable ;
; Register_File:RegFile|mem~818           ; Stuck at GND due to stuck port clock_enable ;
; Register_File:RegFile|mem~978           ; Stuck at GND due to stuck port clock_enable ;
; Register_File:RegFile|mem~658           ; Stuck at GND due to stuck port clock_enable ;
; Register_File:RegFile|mem~754           ; Stuck at GND due to stuck port clock_enable ;
; Register_File:RegFile|mem~626           ; Stuck at GND due to stuck port clock_enable ;
; Register_File:RegFile|mem~786           ; Stuck at GND due to stuck port clock_enable ;
; Register_File:RegFile|mem~147           ; Stuck at GND due to stuck port clock_enable ;
; Register_File:RegFile|mem~339           ; Stuck at GND due to stuck port clock_enable ;
; Register_File:RegFile|mem~435           ; Stuck at GND due to stuck port clock_enable ;
; Register_File:RegFile|mem~243           ; Stuck at GND due to stuck port clock_enable ;
; Register_File:RegFile|mem~115           ; Stuck at GND due to stuck port clock_enable ;
; Register_File:RegFile|mem~307           ; Stuck at GND due to stuck port clock_enable ;
; Register_File:RegFile|mem~467           ; Stuck at GND due to stuck port clock_enable ;
; Register_File:RegFile|mem~275           ; Stuck at GND due to stuck port clock_enable ;
; Register_File:RegFile|mem~755           ; Stuck at GND due to stuck port clock_enable ;
; Register_File:RegFile|mem~659           ; Stuck at GND due to stuck port clock_enable ;
; Register_File:RegFile|mem~627           ; Stuck at GND due to stuck port clock_enable ;
; Register_File:RegFile|mem~787           ; Stuck at GND due to stuck port clock_enable ;
; Register_File:RegFile|mem~851           ; Stuck at GND due to stuck port clock_enable ;
; Register_File:RegFile|mem~947           ; Stuck at GND due to stuck port clock_enable ;
; Register_File:RegFile|mem~819           ; Stuck at GND due to stuck port clock_enable ;
; Register_File:RegFile|mem~979           ; Stuck at GND due to stuck port clock_enable ;
; Register_File:RegFile|mem~340           ; Stuck at GND due to stuck port clock_enable ;
; Register_File:RegFile|mem~148           ; Stuck at GND due to stuck port clock_enable ;
; Register_File:RegFile|mem~244           ; Stuck at GND due to stuck port clock_enable ;
; Register_File:RegFile|mem~436           ; Stuck at GND due to stuck port clock_enable ;
; Register_File:RegFile|mem~308           ; Stuck at GND due to stuck port clock_enable ;
; Register_File:RegFile|mem~116           ; Stuck at GND due to stuck port clock_enable ;
; Register_File:RegFile|mem~276           ; Stuck at GND due to stuck port clock_enable ;
; Register_File:RegFile|mem~468           ; Stuck at GND due to stuck port clock_enable ;
; Register_File:RegFile|mem~948           ; Stuck at GND due to stuck port clock_enable ;
; Register_File:RegFile|mem~852           ; Stuck at GND due to stuck port clock_enable ;
; Register_File:RegFile|mem~820           ; Stuck at GND due to stuck port clock_enable ;
; Register_File:RegFile|mem~980           ; Stuck at GND due to stuck port clock_enable ;
; Register_File:RegFile|mem~660           ; Stuck at GND due to stuck port clock_enable ;
; Register_File:RegFile|mem~756           ; Stuck at GND due to stuck port clock_enable ;
; Register_File:RegFile|mem~628           ; Stuck at GND due to stuck port clock_enable ;
; Register_File:RegFile|mem~788           ; Stuck at GND due to stuck port clock_enable ;
; Register_File:RegFile|mem~149           ; Stuck at GND due to stuck port clock_enable ;
; Register_File:RegFile|mem~341           ; Stuck at GND due to stuck port clock_enable ;
; Register_File:RegFile|mem~437           ; Stuck at GND due to stuck port clock_enable ;
; Register_File:RegFile|mem~245           ; Stuck at GND due to stuck port clock_enable ;
; Register_File:RegFile|mem~117           ; Stuck at GND due to stuck port clock_enable ;
; Register_File:RegFile|mem~309           ; Stuck at GND due to stuck port clock_enable ;
; Register_File:RegFile|mem~469           ; Stuck at GND due to stuck port clock_enable ;
; Register_File:RegFile|mem~277           ; Stuck at GND due to stuck port clock_enable ;
; Register_File:RegFile|mem~757           ; Stuck at GND due to stuck port clock_enable ;
; Register_File:RegFile|mem~661           ; Stuck at GND due to stuck port clock_enable ;
; Register_File:RegFile|mem~629           ; Stuck at GND due to stuck port clock_enable ;
; Register_File:RegFile|mem~789           ; Stuck at GND due to stuck port clock_enable ;
; Register_File:RegFile|mem~853           ; Stuck at GND due to stuck port clock_enable ;
; Register_File:RegFile|mem~949           ; Stuck at GND due to stuck port clock_enable ;
; Register_File:RegFile|mem~821           ; Stuck at GND due to stuck port clock_enable ;
; Register_File:RegFile|mem~981           ; Stuck at GND due to stuck port clock_enable ;
; Register_File:RegFile|mem~342           ; Stuck at GND due to stuck port clock_enable ;
; Register_File:RegFile|mem~150           ; Stuck at GND due to stuck port clock_enable ;
; Register_File:RegFile|mem~246           ; Stuck at GND due to stuck port clock_enable ;
; Register_File:RegFile|mem~438           ; Stuck at GND due to stuck port clock_enable ;
; Register_File:RegFile|mem~310           ; Stuck at GND due to stuck port clock_enable ;
; Register_File:RegFile|mem~118           ; Stuck at GND due to stuck port clock_enable ;
; Register_File:RegFile|mem~278           ; Stuck at GND due to stuck port clock_enable ;
; Register_File:RegFile|mem~470           ; Stuck at GND due to stuck port clock_enable ;
; Register_File:RegFile|mem~950           ; Stuck at GND due to stuck port clock_enable ;
; Register_File:RegFile|mem~854           ; Stuck at GND due to stuck port clock_enable ;
; Register_File:RegFile|mem~822           ; Stuck at GND due to stuck port clock_enable ;
; Register_File:RegFile|mem~982           ; Stuck at GND due to stuck port clock_enable ;
; Register_File:RegFile|mem~662           ; Stuck at GND due to stuck port clock_enable ;
; Register_File:RegFile|mem~758           ; Stuck at GND due to stuck port clock_enable ;
; Register_File:RegFile|mem~630           ; Stuck at GND due to stuck port clock_enable ;
; Register_File:RegFile|mem~790           ; Stuck at GND due to stuck port clock_enable ;
; Register_File:RegFile|mem~151           ; Stuck at GND due to stuck port clock_enable ;
; Register_File:RegFile|mem~343           ; Stuck at GND due to stuck port clock_enable ;
; Register_File:RegFile|mem~439           ; Stuck at GND due to stuck port clock_enable ;
; Register_File:RegFile|mem~247           ; Stuck at GND due to stuck port clock_enable ;
; Register_File:RegFile|mem~119           ; Stuck at GND due to stuck port clock_enable ;
; Register_File:RegFile|mem~311           ; Stuck at GND due to stuck port clock_enable ;
; Register_File:RegFile|mem~471           ; Stuck at GND due to stuck port clock_enable ;
; Register_File:RegFile|mem~279           ; Stuck at GND due to stuck port clock_enable ;
; Register_File:RegFile|mem~759           ; Stuck at GND due to stuck port clock_enable ;
; Register_File:RegFile|mem~663           ; Stuck at GND due to stuck port clock_enable ;
; Register_File:RegFile|mem~631           ; Stuck at GND due to stuck port clock_enable ;
; Register_File:RegFile|mem~791           ; Stuck at GND due to stuck port clock_enable ;
; Register_File:RegFile|mem~855           ; Stuck at GND due to stuck port clock_enable ;
; Register_File:RegFile|mem~951           ; Stuck at GND due to stuck port clock_enable ;
; Register_File:RegFile|mem~823           ; Stuck at GND due to stuck port clock_enable ;
; Register_File:RegFile|mem~983           ; Stuck at GND due to stuck port clock_enable ;
; Register_File:RegFile|mem~344           ; Stuck at GND due to stuck port clock_enable ;
; Register_File:RegFile|mem~152           ; Stuck at GND due to stuck port clock_enable ;
; Register_File:RegFile|mem~248           ; Stuck at GND due to stuck port clock_enable ;
; Register_File:RegFile|mem~440           ; Stuck at GND due to stuck port clock_enable ;
; Register_File:RegFile|mem~312           ; Stuck at GND due to stuck port clock_enable ;
; Register_File:RegFile|mem~120           ; Stuck at GND due to stuck port clock_enable ;
; Register_File:RegFile|mem~280           ; Stuck at GND due to stuck port clock_enable ;
; Register_File:RegFile|mem~472           ; Stuck at GND due to stuck port clock_enable ;
; Register_File:RegFile|mem~952           ; Stuck at GND due to stuck port clock_enable ;
; Register_File:RegFile|mem~856           ; Stuck at GND due to stuck port clock_enable ;
; Register_File:RegFile|mem~824           ; Stuck at GND due to stuck port clock_enable ;
; Register_File:RegFile|mem~984           ; Stuck at GND due to stuck port clock_enable ;
; Register_File:RegFile|mem~664           ; Stuck at GND due to stuck port clock_enable ;
; Register_File:RegFile|mem~760           ; Stuck at GND due to stuck port clock_enable ;
; Register_File:RegFile|mem~632           ; Stuck at GND due to stuck port clock_enable ;
; Register_File:RegFile|mem~792           ; Stuck at GND due to stuck port clock_enable ;
; Register_File:RegFile|mem~153           ; Stuck at GND due to stuck port clock_enable ;
; Register_File:RegFile|mem~345           ; Stuck at GND due to stuck port clock_enable ;
; Register_File:RegFile|mem~441           ; Stuck at GND due to stuck port clock_enable ;
; Register_File:RegFile|mem~249           ; Stuck at GND due to stuck port clock_enable ;
; Register_File:RegFile|mem~121           ; Stuck at GND due to stuck port clock_enable ;
; Register_File:RegFile|mem~313           ; Stuck at GND due to stuck port clock_enable ;
; Register_File:RegFile|mem~473           ; Stuck at GND due to stuck port clock_enable ;
; Register_File:RegFile|mem~281           ; Stuck at GND due to stuck port clock_enable ;
; Register_File:RegFile|mem~761           ; Stuck at GND due to stuck port clock_enable ;
; Register_File:RegFile|mem~665           ; Stuck at GND due to stuck port clock_enable ;
; Register_File:RegFile|mem~633           ; Stuck at GND due to stuck port clock_enable ;
; Register_File:RegFile|mem~793           ; Stuck at GND due to stuck port clock_enable ;
; Register_File:RegFile|mem~857           ; Stuck at GND due to stuck port clock_enable ;
; Register_File:RegFile|mem~953           ; Stuck at GND due to stuck port clock_enable ;
; Register_File:RegFile|mem~825           ; Stuck at GND due to stuck port clock_enable ;
; Register_File:RegFile|mem~985           ; Stuck at GND due to stuck port clock_enable ;
; Register_File:RegFile|mem~346           ; Stuck at GND due to stuck port clock_enable ;
; Register_File:RegFile|mem~154           ; Stuck at GND due to stuck port clock_enable ;
; Register_File:RegFile|mem~250           ; Stuck at GND due to stuck port clock_enable ;
; Register_File:RegFile|mem~442           ; Stuck at GND due to stuck port clock_enable ;
; Register_File:RegFile|mem~314           ; Stuck at GND due to stuck port clock_enable ;
; Register_File:RegFile|mem~122           ; Stuck at GND due to stuck port clock_enable ;
; Register_File:RegFile|mem~282           ; Stuck at GND due to stuck port clock_enable ;
; Register_File:RegFile|mem~474           ; Stuck at GND due to stuck port clock_enable ;
; Register_File:RegFile|mem~954           ; Stuck at GND due to stuck port clock_enable ;
; Register_File:RegFile|mem~858           ; Stuck at GND due to stuck port clock_enable ;
; Register_File:RegFile|mem~826           ; Stuck at GND due to stuck port clock_enable ;
; Register_File:RegFile|mem~986           ; Stuck at GND due to stuck port clock_enable ;
; Register_File:RegFile|mem~666           ; Stuck at GND due to stuck port clock_enable ;
; Register_File:RegFile|mem~762           ; Stuck at GND due to stuck port clock_enable ;
; Register_File:RegFile|mem~634           ; Stuck at GND due to stuck port clock_enable ;
; Register_File:RegFile|mem~794           ; Stuck at GND due to stuck port clock_enable ;
; Register_File:RegFile|mem~155           ; Stuck at GND due to stuck port clock_enable ;
; Register_File:RegFile|mem~347           ; Stuck at GND due to stuck port clock_enable ;
; Register_File:RegFile|mem~443           ; Stuck at GND due to stuck port clock_enable ;
; Register_File:RegFile|mem~251           ; Stuck at GND due to stuck port clock_enable ;
; Register_File:RegFile|mem~123           ; Stuck at GND due to stuck port clock_enable ;
; Register_File:RegFile|mem~315           ; Stuck at GND due to stuck port clock_enable ;
; Register_File:RegFile|mem~475           ; Stuck at GND due to stuck port clock_enable ;
; Register_File:RegFile|mem~283           ; Stuck at GND due to stuck port clock_enable ;
; Register_File:RegFile|mem~763           ; Stuck at GND due to stuck port clock_enable ;
; Register_File:RegFile|mem~667           ; Stuck at GND due to stuck port clock_enable ;
; Register_File:RegFile|mem~635           ; Stuck at GND due to stuck port clock_enable ;
; Register_File:RegFile|mem~795           ; Stuck at GND due to stuck port clock_enable ;
; Register_File:RegFile|mem~859           ; Stuck at GND due to stuck port clock_enable ;
; Register_File:RegFile|mem~955           ; Stuck at GND due to stuck port clock_enable ;
; Register_File:RegFile|mem~827           ; Stuck at GND due to stuck port clock_enable ;
; Register_File:RegFile|mem~987           ; Stuck at GND due to stuck port clock_enable ;
; Register_File:RegFile|mem~348           ; Stuck at GND due to stuck port clock_enable ;
; Register_File:RegFile|mem~156           ; Stuck at GND due to stuck port clock_enable ;
; Register_File:RegFile|mem~252           ; Stuck at GND due to stuck port clock_enable ;
; Register_File:RegFile|mem~444           ; Stuck at GND due to stuck port clock_enable ;
; Register_File:RegFile|mem~316           ; Stuck at GND due to stuck port clock_enable ;
; Register_File:RegFile|mem~124           ; Stuck at GND due to stuck port clock_enable ;
; Register_File:RegFile|mem~284           ; Stuck at GND due to stuck port clock_enable ;
; Register_File:RegFile|mem~476           ; Stuck at GND due to stuck port clock_enable ;
; Register_File:RegFile|mem~956           ; Stuck at GND due to stuck port clock_enable ;
; Register_File:RegFile|mem~860           ; Stuck at GND due to stuck port clock_enable ;
; Register_File:RegFile|mem~828           ; Stuck at GND due to stuck port clock_enable ;
; Register_File:RegFile|mem~988           ; Stuck at GND due to stuck port clock_enable ;
; Register_File:RegFile|mem~668           ; Stuck at GND due to stuck port clock_enable ;
; Register_File:RegFile|mem~764           ; Stuck at GND due to stuck port clock_enable ;
; Register_File:RegFile|mem~636           ; Stuck at GND due to stuck port clock_enable ;
; Register_File:RegFile|mem~796           ; Stuck at GND due to stuck port clock_enable ;
; Register_File:RegFile|mem~157           ; Stuck at GND due to stuck port clock_enable ;
; Register_File:RegFile|mem~349           ; Stuck at GND due to stuck port clock_enable ;
; Register_File:RegFile|mem~445           ; Stuck at GND due to stuck port clock_enable ;
; Register_File:RegFile|mem~253           ; Stuck at GND due to stuck port clock_enable ;
; Register_File:RegFile|mem~125           ; Stuck at GND due to stuck port clock_enable ;
; Register_File:RegFile|mem~317           ; Stuck at GND due to stuck port clock_enable ;
; Register_File:RegFile|mem~477           ; Stuck at GND due to stuck port clock_enable ;
; Register_File:RegFile|mem~285           ; Stuck at GND due to stuck port clock_enable ;
; Register_File:RegFile|mem~765           ; Stuck at GND due to stuck port clock_enable ;
; Register_File:RegFile|mem~669           ; Stuck at GND due to stuck port clock_enable ;
; Register_File:RegFile|mem~637           ; Stuck at GND due to stuck port clock_enable ;
; Register_File:RegFile|mem~797           ; Stuck at GND due to stuck port clock_enable ;
; Register_File:RegFile|mem~861           ; Stuck at GND due to stuck port clock_enable ;
; Register_File:RegFile|mem~957           ; Stuck at GND due to stuck port clock_enable ;
; Register_File:RegFile|mem~829           ; Stuck at GND due to stuck port clock_enable ;
; Register_File:RegFile|mem~989           ; Stuck at GND due to stuck port clock_enable ;
; Register_File:RegFile|mem~350           ; Stuck at GND due to stuck port clock_enable ;
; Register_File:RegFile|mem~158           ; Stuck at GND due to stuck port clock_enable ;
; Register_File:RegFile|mem~254           ; Stuck at GND due to stuck port clock_enable ;
; Register_File:RegFile|mem~446           ; Stuck at GND due to stuck port clock_enable ;
; Register_File:RegFile|mem~318           ; Stuck at GND due to stuck port clock_enable ;
; Register_File:RegFile|mem~126           ; Stuck at GND due to stuck port clock_enable ;
; Register_File:RegFile|mem~286           ; Stuck at GND due to stuck port clock_enable ;
; Register_File:RegFile|mem~478           ; Stuck at GND due to stuck port clock_enable ;
; Register_File:RegFile|mem~958           ; Stuck at GND due to stuck port clock_enable ;
; Register_File:RegFile|mem~862           ; Stuck at GND due to stuck port clock_enable ;
; Register_File:RegFile|mem~830           ; Stuck at GND due to stuck port clock_enable ;
; Register_File:RegFile|mem~990           ; Stuck at GND due to stuck port clock_enable ;
; Register_File:RegFile|mem~670           ; Stuck at GND due to stuck port clock_enable ;
; Register_File:RegFile|mem~766           ; Stuck at GND due to stuck port clock_enable ;
; Register_File:RegFile|mem~638           ; Stuck at GND due to stuck port clock_enable ;
; Register_File:RegFile|mem~798           ; Stuck at GND due to stuck port clock_enable ;
; Register_File:RegFile|mem~159           ; Stuck at GND due to stuck port clock_enable ;
; Register_File:RegFile|mem~351           ; Stuck at GND due to stuck port clock_enable ;
; Register_File:RegFile|mem~447           ; Stuck at GND due to stuck port clock_enable ;
; Register_File:RegFile|mem~255           ; Stuck at GND due to stuck port clock_enable ;
; Register_File:RegFile|mem~127           ; Stuck at GND due to stuck port clock_enable ;
; Register_File:RegFile|mem~319           ; Stuck at GND due to stuck port clock_enable ;
; Register_File:RegFile|mem~479           ; Stuck at GND due to stuck port clock_enable ;
; Register_File:RegFile|mem~287           ; Stuck at GND due to stuck port clock_enable ;
; Register_File:RegFile|mem~767           ; Stuck at GND due to stuck port clock_enable ;
; Register_File:RegFile|mem~671           ; Stuck at GND due to stuck port clock_enable ;
; Register_File:RegFile|mem~639           ; Stuck at GND due to stuck port clock_enable ;
; Register_File:RegFile|mem~799           ; Stuck at GND due to stuck port clock_enable ;
; Register_File:RegFile|mem~863           ; Stuck at GND due to stuck port clock_enable ;
; Register_File:RegFile|mem~959           ; Stuck at GND due to stuck port clock_enable ;
; Register_File:RegFile|mem~831           ; Stuck at GND due to stuck port clock_enable ;
; Register_File:RegFile|mem~991           ; Stuck at GND due to stuck port clock_enable ;
; Register_File:RegFile|mem~352           ; Stuck at GND due to stuck port clock_enable ;
; Register_File:RegFile|mem~160           ; Stuck at GND due to stuck port clock_enable ;
; Register_File:RegFile|mem~256           ; Stuck at GND due to stuck port clock_enable ;
; Register_File:RegFile|mem~448           ; Stuck at GND due to stuck port clock_enable ;
; Register_File:RegFile|mem~320           ; Stuck at GND due to stuck port clock_enable ;
; Register_File:RegFile|mem~128           ; Stuck at GND due to stuck port clock_enable ;
; Register_File:RegFile|mem~288           ; Stuck at GND due to stuck port clock_enable ;
; Register_File:RegFile|mem~480           ; Stuck at GND due to stuck port clock_enable ;
; Register_File:RegFile|mem~960           ; Stuck at GND due to stuck port clock_enable ;
; Register_File:RegFile|mem~864           ; Stuck at GND due to stuck port clock_enable ;
; Register_File:RegFile|mem~832           ; Stuck at GND due to stuck port clock_enable ;
; Register_File:RegFile|mem~992           ; Stuck at GND due to stuck port clock_enable ;
; Register_File:RegFile|mem~672           ; Stuck at GND due to stuck port clock_enable ;
; Register_File:RegFile|mem~768           ; Stuck at GND due to stuck port clock_enable ;
; Register_File:RegFile|mem~640           ; Stuck at GND due to stuck port clock_enable ;
; Register_File:RegFile|mem~800           ; Stuck at GND due to stuck port clock_enable ;
; Register_File:RegFile|mem~161           ; Stuck at GND due to stuck port clock_enable ;
; Register_File:RegFile|mem~353           ; Stuck at GND due to stuck port clock_enable ;
; Register_File:RegFile|mem~449           ; Stuck at GND due to stuck port clock_enable ;
; Register_File:RegFile|mem~257           ; Stuck at GND due to stuck port clock_enable ;
; Register_File:RegFile|mem~129           ; Stuck at GND due to stuck port clock_enable ;
; Register_File:RegFile|mem~321           ; Stuck at GND due to stuck port clock_enable ;
; Register_File:RegFile|mem~481           ; Stuck at GND due to stuck port clock_enable ;
; Register_File:RegFile|mem~289           ; Stuck at GND due to stuck port clock_enable ;
; Register_File:RegFile|mem~769           ; Stuck at GND due to stuck port clock_enable ;
; Register_File:RegFile|mem~673           ; Stuck at GND due to stuck port clock_enable ;
; Register_File:RegFile|mem~641           ; Stuck at GND due to stuck port clock_enable ;
; Register_File:RegFile|mem~801           ; Stuck at GND due to stuck port clock_enable ;
; Register_File:RegFile|mem~865           ; Stuck at GND due to stuck port clock_enable ;
; Register_File:RegFile|mem~961           ; Stuck at GND due to stuck port clock_enable ;
; Register_File:RegFile|mem~833           ; Stuck at GND due to stuck port clock_enable ;
; Register_File:RegFile|mem~993           ; Stuck at GND due to stuck port clock_enable ;
; Register_File:RegFile|mem~354           ; Stuck at GND due to stuck port clock_enable ;
; Register_File:RegFile|mem~162           ; Stuck at GND due to stuck port clock_enable ;
; Register_File:RegFile|mem~258           ; Stuck at GND due to stuck port clock_enable ;
; Register_File:RegFile|mem~450           ; Stuck at GND due to stuck port clock_enable ;
; Register_File:RegFile|mem~322           ; Stuck at GND due to stuck port clock_enable ;
; Register_File:RegFile|mem~130           ; Stuck at GND due to stuck port clock_enable ;
; Register_File:RegFile|mem~290           ; Stuck at GND due to stuck port clock_enable ;
; Register_File:RegFile|mem~482           ; Stuck at GND due to stuck port clock_enable ;
; Register_File:RegFile|mem~962           ; Stuck at GND due to stuck port clock_enable ;
; Register_File:RegFile|mem~866           ; Stuck at GND due to stuck port clock_enable ;
; Register_File:RegFile|mem~834           ; Stuck at GND due to stuck port clock_enable ;
; Register_File:RegFile|mem~994           ; Stuck at GND due to stuck port clock_enable ;
; Register_File:RegFile|mem~674           ; Stuck at GND due to stuck port clock_enable ;
; Register_File:RegFile|mem~770           ; Stuck at GND due to stuck port clock_enable ;
; Register_File:RegFile|mem~642           ; Stuck at GND due to stuck port clock_enable ;
; Register_File:RegFile|mem~802           ; Stuck at GND due to stuck port clock_enable ;
; Register_File:RegFile|mem~163           ; Stuck at GND due to stuck port clock_enable ;
; Register_File:RegFile|mem~355           ; Stuck at GND due to stuck port clock_enable ;
; Register_File:RegFile|mem~451           ; Stuck at GND due to stuck port clock_enable ;
; Register_File:RegFile|mem~259           ; Stuck at GND due to stuck port clock_enable ;
; Register_File:RegFile|mem~131           ; Stuck at GND due to stuck port clock_enable ;
; Register_File:RegFile|mem~323           ; Stuck at GND due to stuck port clock_enable ;
; Register_File:RegFile|mem~483           ; Stuck at GND due to stuck port clock_enable ;
; Register_File:RegFile|mem~291           ; Stuck at GND due to stuck port clock_enable ;
; Register_File:RegFile|mem~771           ; Stuck at GND due to stuck port clock_enable ;
; Register_File:RegFile|mem~675           ; Stuck at GND due to stuck port clock_enable ;
; Register_File:RegFile|mem~643           ; Stuck at GND due to stuck port clock_enable ;
; Register_File:RegFile|mem~803           ; Stuck at GND due to stuck port clock_enable ;
; Register_File:RegFile|mem~867           ; Stuck at GND due to stuck port clock_enable ;
; Register_File:RegFile|mem~963           ; Stuck at GND due to stuck port clock_enable ;
; Register_File:RegFile|mem~835           ; Stuck at GND due to stuck port clock_enable ;
; Register_File:RegFile|mem~995           ; Stuck at GND due to stuck port clock_enable ;
; Register_File:RegFile|mem~356           ; Stuck at GND due to stuck port clock_enable ;
; Register_File:RegFile|mem~164           ; Stuck at GND due to stuck port clock_enable ;
; Register_File:RegFile|mem~260           ; Stuck at GND due to stuck port clock_enable ;
; Register_File:RegFile|mem~452           ; Stuck at GND due to stuck port clock_enable ;
; Register_File:RegFile|mem~324           ; Stuck at GND due to stuck port clock_enable ;
; Register_File:RegFile|mem~132           ; Stuck at GND due to stuck port clock_enable ;
; Register_File:RegFile|mem~292           ; Stuck at GND due to stuck port clock_enable ;
; Register_File:RegFile|mem~484           ; Stuck at GND due to stuck port clock_enable ;
; Register_File:RegFile|mem~964           ; Stuck at GND due to stuck port clock_enable ;
; Register_File:RegFile|mem~868           ; Stuck at GND due to stuck port clock_enable ;
; Register_File:RegFile|mem~836           ; Stuck at GND due to stuck port clock_enable ;
; Register_File:RegFile|mem~996           ; Stuck at GND due to stuck port clock_enable ;
; Register_File:RegFile|mem~676           ; Stuck at GND due to stuck port clock_enable ;
; Register_File:RegFile|mem~772           ; Stuck at GND due to stuck port clock_enable ;
; Register_File:RegFile|mem~644           ; Stuck at GND due to stuck port clock_enable ;
; Register_File:RegFile|mem~804           ; Stuck at GND due to stuck port clock_enable ;
; Register_File:RegFile|mem~165           ; Stuck at GND due to stuck port clock_enable ;
; Register_File:RegFile|mem~357           ; Stuck at GND due to stuck port clock_enable ;
; Register_File:RegFile|mem~453           ; Stuck at GND due to stuck port clock_enable ;
; Register_File:RegFile|mem~261           ; Stuck at GND due to stuck port clock_enable ;
; Register_File:RegFile|mem~133           ; Stuck at GND due to stuck port clock_enable ;
; Register_File:RegFile|mem~325           ; Stuck at GND due to stuck port clock_enable ;
; Register_File:RegFile|mem~485           ; Stuck at GND due to stuck port clock_enable ;
; Register_File:RegFile|mem~293           ; Stuck at GND due to stuck port clock_enable ;
; Register_File:RegFile|mem~773           ; Stuck at GND due to stuck port clock_enable ;
; Register_File:RegFile|mem~677           ; Stuck at GND due to stuck port clock_enable ;
; Register_File:RegFile|mem~645           ; Stuck at GND due to stuck port clock_enable ;
; Register_File:RegFile|mem~805           ; Stuck at GND due to stuck port clock_enable ;
; Register_File:RegFile|mem~869           ; Stuck at GND due to stuck port clock_enable ;
; Register_File:RegFile|mem~965           ; Stuck at GND due to stuck port clock_enable ;
; Register_File:RegFile|mem~837           ; Stuck at GND due to stuck port clock_enable ;
; Register_File:RegFile|mem~997           ; Stuck at GND due to stuck port clock_enable ;
; Total Number of Removed Registers = 512 ;                                             ;
+-----------------------------------------+---------------------------------------------+


+------------------------------------------------------+
; General Register Statistics                          ;
+----------------------------------------------+-------+
; Statistic                                    ; Value ;
+----------------------------------------------+-------+
; Total registers                              ; 2592  ;
; Number of registers using Synchronous Clear  ; 0     ;
; Number of registers using Synchronous Load   ; 0     ;
; Number of registers using Asynchronous Clear ; 32    ;
; Number of registers using Asynchronous Load  ; 0     ;
; Number of registers using Clock Enable       ; 2562  ;
; Number of registers using Preset             ; 0     ;
+----------------------------------------------+-------+


+---------------------------------------------------------------------------------------------------------------------------------------------------------+
; Multiplexer Restructuring Statistics (Restructuring Performed)                                                                                          ;
+--------------------+-----------+---------------+----------------------+------------------------+------------+-------------------------------------------+
; Multiplexer Inputs ; Bus Width ; Baseline Area ; Area if Restructured ; Saving if Restructured ; Registered ; Example Multiplexer Output                ;
+--------------------+-----------+---------------+----------------------+------------------------+------------+-------------------------------------------+
; 8:1                ; 31 bits   ; 155 LEs       ; 124 LEs              ; 31 LEs                 ; No         ; |week5_top_jal_jalr|ALU:CoreALU|Mux15     ;
; 3:1                ; 32 bits   ; 64 LEs        ; 64 LEs               ; 0 LEs                  ; No         ; |week5_top_jal_jalr|Result[12]            ;
; 5:1                ; 2 bits    ; 6 LEs         ; 6 LEs                ; 0 LEs                  ; No         ; |week5_top_jal_jalr|Imm_Ext:ExtUnit|Mux12 ;
; 32:1               ; 6 bits    ; 126 LEs       ; 6 LEs                ; 120 LEs                ; No         ; |week5_top_jal_jalr|Imm_Ext:ExtUnit|Mux25 ;
; 32:1               ; 2 bits    ; 42 LEs        ; 4 LEs                ; 38 LEs                 ; No         ; |week5_top_jal_jalr|Imm_Ext:ExtUnit|Mux29 ;
; 6:1                ; 3 bits    ; 12 LEs        ; 9 LEs                ; 3 LEs                  ; No         ; |week5_top_jal_jalr|Imm_Ext:ExtUnit|Mux16 ;
; 7:1                ; 2 bits    ; 8 LEs         ; 6 LEs                ; 2 LEs                  ; No         ; |week5_top_jal_jalr|Imm_Ext:ExtUnit|Mux30 ;
+--------------------+-----------+---------------+----------------------+------------------------+------------+-------------------------------------------+


+-----------------------------------------------------+
; Post-Synthesis Netlist Statistics for Top Partition ;
+-----------------------+-----------------------------+
; Type                  ; Count                       ;
+-----------------------+-----------------------------+
; boundary_port         ; 194                         ;
; cycloneiii_ff         ; 2592                        ;
;     CLR               ; 30                          ;
;     ENA               ; 2560                        ;
;     ENA CLR           ; 2                           ;
; cycloneiii_lcell_comb ; 2679                        ;
;     arith             ; 153                         ;
;         2 data inputs ; 29                          ;
;         3 data inputs ; 124                         ;
;     normal            ; 2526                        ;
;         1 data inputs ; 4                           ;
;         2 data inputs ; 72                          ;
;         3 data inputs ; 185                         ;
;         4 data inputs ; 2265                        ;
;                       ;                             ;
; Max LUT depth         ; 20.70                       ;
; Average LUT depth     ; 13.11                       ;
+-----------------------+-----------------------------+


+-------------------------------+
; Elapsed Time Per Partition    ;
+----------------+--------------+
; Partition Name ; Elapsed Time ;
+----------------+--------------+
; Top            ; 00:00:06     ;
+----------------+--------------+


+-------------------------------+
; Analysis & Synthesis Messages ;
+-------------------------------+
Info: *******************************************************************
Info: Running Quartus Prime Analysis & Synthesis
    Info: Version 20.1.1 Build 720 11/11/2020 SJ Lite Edition
    Info: Processing started: Tue Feb  3 12:26:18 2026
Info: Command: quartus_map --read_settings_files=on --write_settings_files=off week5 -c week5
Info (20030): Parallel compilation is enabled and will use 16 of the 16 processors detected
Info (12021): Found 2 design units, including 1 entities, in source file Instruction_Memory_JAL_JALR.vhd
    Info (12022): Found design unit 1: Instruction_Memory_JAL_JALR-behavioral File: /home/nw1728/study/y2q2/ComputerArchitectureAndSynthesis/week7/Instruction_Memory_JAL_JALR.vhd Line: 13
    Info (12023): Found entity 1: Instruction_Memory_JAL_JALR File: /home/nw1728/study/y2q2/ComputerArchitectureAndSynthesis/week7/Instruction_Memory_JAL_JALR.vhd Line: 6
Info (12021): Found 2 design units, including 1 entities, in source file Program_Counter.vhd
    Info (12022): Found design unit 1: Program_Counter-behavioral File: /home/nw1728/study/y2q2/ComputerArchitectureAndSynthesis/week7/Program_Counter.vhd Line: 13
    Info (12023): Found entity 1: Program_Counter File: /home/nw1728/study/y2q2/ComputerArchitectureAndSynthesis/week7/Program_Counter.vhd Line: 4
Info (12021): Found 2 design units, including 1 entities, in source file PC_Adder.vhd
    Info (12022): Found design unit 1: PC_Adder-behavioral File: /home/nw1728/study/y2q2/ComputerArchitectureAndSynthesis/week7/PC_Adder.vhd Line: 12
    Info (12023): Found entity 1: PC_Adder File: /home/nw1728/study/y2q2/ComputerArchitectureAndSynthesis/week7/PC_Adder.vhd Line: 5
Info (12021): Found 2 design units, including 1 entities, in source file Instruction_Memory.vhd
    Info (12022): Found design unit 1: Instruction_Memory-behavioral File: /home/nw1728/study/y2q2/ComputerArchitectureAndSynthesis/week7/Instruction_Memory.vhd Line: 13
    Info (12023): Found entity 1: Instruction_Memory File: /home/nw1728/study/y2q2/ComputerArchitectureAndSynthesis/week7/Instruction_Memory.vhd Line: 6
Info (12021): Found 2 design units, including 1 entities, in source file Fetch_Stage.vhd
    Info (12022): Found design unit 1: Fetch_Stage-structural File: /home/nw1728/study/y2q2/ComputerArchitectureAndSynthesis/week7/Fetch_Stage.vhd Line: 12
    Info (12023): Found entity 1: Fetch_Stage File: /home/nw1728/study/y2q2/ComputerArchitectureAndSynthesis/week7/Fetch_Stage.vhd Line: 4
Info (12021): Found 2 design units, including 1 entities, in source file ALU.vhd
    Info (12022): Found design unit 1: ALU-behavioral File: /home/nw1728/study/y2q2/ComputerArchitectureAndSynthesis/week7/ALU.vhd Line: 15
    Info (12023): Found entity 1: ALU File: /home/nw1728/study/y2q2/ComputerArchitectureAndSynthesis/week7/ALU.vhd Line: 5
Info (12021): Found 2 design units, including 1 entities, in source file Register_File.vhd
    Info (12022): Found design unit 1: Register_File-behavioral File: /home/nw1728/study/y2q2/ComputerArchitectureAndSynthesis/week7/Register_File.vhd Line: 14
    Info (12023): Found entity 1: Register_File File: /home/nw1728/study/y2q2/ComputerArchitectureAndSynthesis/week7/Register_File.vhd Line: 5
Info (12021): Found 2 design units, including 1 entities, in source file Control_Unit.vhd
    Info (12022): Found design unit 1: Control_Unit-behavioral File: /home/nw1728/study/y2q2/ComputerArchitectureAndSynthesis/week7/Control_Unit.vhd Line: 19
    Info (12023): Found entity 1: Control_Unit File: /home/nw1728/study/y2q2/ComputerArchitectureAndSynthesis/week7/Control_Unit.vhd Line: 4
Info (12021): Found 2 design units, including 1 entities, in source file Imm_Ext.vhd
    Info (12022): Found design unit 1: Imm_Ext-behavioral File: /home/nw1728/study/y2q2/ComputerArchitectureAndSynthesis/week7/Imm_Ext.vhd Line: 12
    Info (12023): Found entity 1: Imm_Ext File: /home/nw1728/study/y2q2/ComputerArchitectureAndSynthesis/week7/Imm_Ext.vhd Line: 5
Info (12021): Found 2 design units, including 1 entities, in source file week5_top.vhd
    Info (12022): Found design unit 1: week5_top-structural File: /home/nw1728/study/y2q2/ComputerArchitectureAndSynthesis/week7/week5_top.vhd Line: 16
    Info (12023): Found entity 1: week5_top File: /home/nw1728/study/y2q2/ComputerArchitectureAndSynthesis/week7/week5_top.vhd Line: 5
Info (12021): Found 2 design units, including 1 entities, in source file week5_top_tb.vhd
    Info (12022): Found design unit 1: week5_top_tb-testbench File: /home/nw1728/study/y2q2/ComputerArchitectureAndSynthesis/week7/week5_top_tb.vhd Line: 7
    Info (12023): Found entity 1: week5_top_tb File: /home/nw1728/study/y2q2/ComputerArchitectureAndSynthesis/week7/week5_top_tb.vhd Line: 4
Info (12021): Found 2 design units, including 1 entities, in source file week6_memory_tb.vhd
    Info (12022): Found design unit 1: week6_memory_tb-testbench File: /home/nw1728/study/y2q2/ComputerArchitectureAndSynthesis/week7/week6_memory_tb.vhd Line: 8
    Info (12023): Found entity 1: week6_memory_tb File: /home/nw1728/study/y2q2/ComputerArchitectureAndSynthesis/week7/week6_memory_tb.vhd Line: 5
Info (12021): Found 2 design units, including 1 entities, in source file Data_Memory.vhd
    Info (12022): Found design unit 1: Data_Memory-behavioral File: /home/nw1728/study/y2q2/ComputerArchitectureAndSynthesis/week7/Data_Memory.vhd Line: 15
    Info (12023): Found entity 1: Data_Memory File: /home/nw1728/study/y2q2/ComputerArchitectureAndSynthesis/week7/Data_Memory.vhd Line: 5
Info (12021): Found 2 design units, including 1 entities, in source file Instruction_Memory_with_LW_SW.vhd
    Info (12022): Found design unit 1: Instruction_Memory_with_LW_SW-behavioral File: /home/nw1728/study/y2q2/ComputerArchitectureAndSynthesis/week7/Instruction_Memory_with_LW_SW.vhd Line: 13
    Info (12023): Found entity 1: Instruction_Memory_with_LW_SW File: /home/nw1728/study/y2q2/ComputerArchitectureAndSynthesis/week7/Instruction_Memory_with_LW_SW.vhd Line: 6
Info (12021): Found 2 design units, including 1 entities, in source file jal_jalr_tb.vhd
    Info (12022): Found design unit 1: jal_jalr_tb-testbench File: /home/nw1728/study/y2q2/ComputerArchitectureAndSynthesis/week7/jal_jalr_tb.vhd Line: 9
    Info (12023): Found entity 1: jal_jalr_tb File: /home/nw1728/study/y2q2/ComputerArchitectureAndSynthesis/week7/jal_jalr_tb.vhd Line: 5
Info (12021): Found 2 design units, including 1 entities, in source file week5_top_jal_jalr.vhd
    Info (12022): Found design unit 1: week5_top_jal_jalr-structural File: /home/nw1728/study/y2q2/ComputerArchitectureAndSynthesis/week7/week5_top_jal_jalr.vhd Line: 20
    Info (12023): Found entity 1: week5_top_jal_jalr File: /home/nw1728/study/y2q2/ComputerArchitectureAndSynthesis/week7/week5_top_jal_jalr.vhd Line: 5
Info (12127): Elaborating entity "week5_top_jal_jalr" for the top level hierarchy
Info (12128): Elaborating entity "Program_Counter" for hierarchy "Program_Counter:PC_Reg" File: /home/nw1728/study/y2q2/ComputerArchitectureAndSynthesis/week7/week5_top_jal_jalr.vhd Line: 31
Info (12128): Elaborating entity "PC_Adder" for hierarchy "PC_Adder:PC_Add" File: /home/nw1728/study/y2q2/ComputerArchitectureAndSynthesis/week7/week5_top_jal_jalr.vhd Line: 32
Info (12128): Elaborating entity "Instruction_Memory_JAL_JALR" for hierarchy "Instruction_Memory_JAL_JALR:InstMem" File: /home/nw1728/study/y2q2/ComputerArchitectureAndSynthesis/week7/week5_top_jal_jalr.vhd Line: 33
Info (12128): Elaborating entity "Control_Unit" for hierarchy "Control_Unit:Control" File: /home/nw1728/study/y2q2/ComputerArchitectureAndSynthesis/week7/week5_top_jal_jalr.vhd Line: 36
Info (12128): Elaborating entity "Register_File" for hierarchy "Register_File:RegFile" File: /home/nw1728/study/y2q2/ComputerArchitectureAndSynthesis/week7/week5_top_jal_jalr.vhd Line: 37
Info (12128): Elaborating entity "Imm_Ext" for hierarchy "Imm_Ext:ExtUnit" File: /home/nw1728/study/y2q2/ComputerArchitectureAndSynthesis/week7/week5_top_jal_jalr.vhd Line: 38
Info (12128): Elaborating entity "ALU" for hierarchy "ALU:CoreALU" File: /home/nw1728/study/y2q2/ComputerArchitectureAndSynthesis/week7/week5_top_jal_jalr.vhd Line: 44
Info (12128): Elaborating entity "Data_Memory" for hierarchy "Data_Memory:DataMem" File: /home/nw1728/study/y2q2/ComputerArchitectureAndSynthesis/week7/week5_top_jal_jalr.vhd Line: 47
Info (276014): Found 2 instances of uninferred RAM logic
    Info (276007): RAM logic "Register_File:RegFile|mem" is uninferred due to asynchronous read logic File: /home/nw1728/study/y2q2/ComputerArchitectureAndSynthesis/week7/Register_File.vhd Line: 16
    Info (276007): RAM logic "Data_Memory:DataMem|mem" is uninferred due to asynchronous read logic File: /home/nw1728/study/y2q2/ComputerArchitectureAndSynthesis/week7/Data_Memory.vhd Line: 18
Info (286030): Timing-Driven Synthesis is running
Info (16010): Generating hard_block partition "hard_block:auto_generated_inst"
    Info (16011): Adding 0 node(s), including 0 DDIO, 0 PLL, 0 transceiver and 0 LCELL
Info (21057): Implemented 5430 device resources after synthesis - the final resource count might be different
    Info (21058): Implemented 2 input pins
    Info (21059): Implemented 192 output pins
    Info (21061): Implemented 5236 logic cells
Info: Quartus Prime Analysis & Synthesis was successful. 0 errors, 0 warnings
    Info: Peak virtual memory: 519 megabytes
    Info: Processing ended: Tue Feb  3 12:26:35 2026
    Info: Elapsed time: 00:00:17
    Info: Total CPU time (on all processors): 00:00:40


